Archive member included to satisfy reference by file (symbol)

C:/msys64/ucrt64/bin/../lib/gcc/arm-none-eabi/13.3.0/../../../../arm-none-eabi/lib/thumb/v7e-m+fp/hard\libc.a(libc_a-strlen.o)
                              build/src/app/main.o (strlen)

There are no discarded input sections

Memory Configuration

Name             Origin             Length             Attributes
FLASH            0x08000000         0x00100000         xr
RAM              0x20000000         0x00020000         xrw
*default*        0x00000000         0xffffffff

Linker script and memory map

LOAD build/src/app/main.o
LOAD build/src/driver/ring_buffer.o
LOAD build/src/driver/uart_driver.o
LOAD build/src/hal/stm32f4_dma.o
LOAD build/src/hal/stm32f4_uart.o
LOAD build/src/system/startup.o
LOAD build/src/system/system_stm32.o
START GROUP
LOAD C:/msys64/ucrt64/bin/../lib/gcc/arm-none-eabi/13.3.0/thumb/v7e-m+fp/hard\libgcc.a
LOAD C:/msys64/ucrt64/bin/../lib/gcc/arm-none-eabi/13.3.0/../../../../arm-none-eabi/lib/thumb/v7e-m+fp/hard\libc.a
END GROUP
START GROUP
LOAD C:/msys64/ucrt64/bin/../lib/gcc/arm-none-eabi/13.3.0/thumb/v7e-m+fp/hard\libgcc.a
LOAD C:/msys64/ucrt64/bin/../lib/gcc/arm-none-eabi/13.3.0/../../../../arm-none-eabi/lib/thumb/v7e-m+fp/hard\libc.a
LOAD C:/msys64/ucrt64/bin/../lib/gcc/arm-none-eabi/13.3.0/../../../../arm-none-eabi/lib/thumb/v7e-m+fp/hard\libnosys.a
END GROUP

.text           0x08000000      0xa9c
                0x08000000                        . = ALIGN (0x4)
 *(.isr_vector)
 .isr_vector    0x08000000      0x15c build/src/system/startup.o
                0x08000000                vector_table
 *(.text)
 .text          0x0800015c       0xdc build/src/app/main.o
                0x0800015c                delay
                0x08000180                main
 .text          0x08000238      0x160 build/src/driver/ring_buffer.o
                0x08000238                RingBuffer_Init
                0x0800026c                RingBuffer_Put
                0x080002d4                RingBuffer_Get
                0x08000334                RingBuffer_IsEmpty
                0x08000358                RingBuffer_IsFull
                0x0800037c                RingBuffer_ClearOverflow
 .text          0x08000398      0x278 build/src/driver/uart_driver.o
                0x08000398                UART_Init
                0x08000404                UART_Transmit
                0x080004d0                UART_Receive
                0x08000564                USART1_IRQHandler
                0x080005e8                UART_CheckOverflow
 .text          0x08000610      0x140 build/src/hal/stm32f4_dma.o
                0x08000610                HAL_DMA_Init_TX
                0x08000664                HAL_DMA_Init_RX
                0x080006c4                HAL_DMA_Start_TX
                0x0800070c                HAL_DMA_IsTxComplete
                0x08000730                HAL_DMA_ClearTxFlags
 .text          0x08000750      0x128 build/src/hal/stm32f4_uart.o
                0x08000750                HAL_UART_Init
                0x08000798                HAL_UART_WriteByte
                0x080007b8                HAL_UART_ReadByte
                0x080007d0                HAL_UART_IsTxEmpty
                0x080007f4                HAL_UART_IsRxReady
                0x08000818                HAL_UART_EnableInterrupts
 .text          0x08000878       0x6c build/src/system/startup.o
                0x08000878                Reset_Handler
                0x080008dc                SysTick_Handler
                0x080008dc                PendSV_Handler
                0x080008dc                NMI_Handler
                0x080008dc                UsageFault_Handler
                0x080008dc                DMA2_Stream2_IRQHandler
                0x080008dc                HardFault_Handler
                0x080008dc                DebugMon_Handler
                0x080008dc                Default_Handler
                0x080008dc                DMA2_Stream7_IRQHandler
                0x080008dc                MemManage_Handler
                0x080008dc                SVC_Handler
                0x080008dc                BusFault_Handler
 .text          0x080008e4       0x90 build/src/system/system_stm32.o
                0x080008e4                SystemInit
                0x08000920                System_ConfigureUARTPins
 *fill*         0x08000974        0xc 
 .text          0x08000980       0xd8 C:/msys64/ucrt64/bin/../lib/gcc/arm-none-eabi/13.3.0/../../../../arm-none-eabi/lib/thumb/v7e-m+fp/hard\libc.a(libc_a-strlen.o)
                0x08000980                strlen
 *(.text*)
 *(.rodata)
 .rodata        0x08000a58       0x44 build/src/app/main.o
 *(.rodata*)
                0x08000a9c                        . = ALIGN (0x4)
                0x08000a9c                        _etext = .
                0x08000aa4                        _sidata = LOADADDR (.data)

.glue_7         0x08000a9c        0x0
 .glue_7        0x08000a9c        0x0 linker stubs

.glue_7t        0x08000a9c        0x0
 .glue_7t       0x08000a9c        0x0 linker stubs

.vfp11_veneer   0x08000a9c        0x0
 .vfp11_veneer  0x08000a9c        0x0 linker stubs

.v4_bx          0x08000a9c        0x0
 .v4_bx         0x08000a9c        0x0 linker stubs

.iplt           0x08000a9c        0x0
 .iplt          0x08000a9c        0x0 build/src/app/main.o

.rel.dyn        0x08000a9c        0x0
 .rel.iplt      0x08000a9c        0x0 build/src/app/main.o

.ARM.extab      0x08000a9c        0x0
 .ARM.extab     0x08000a9c        0x0 C:/msys64/ucrt64/bin/../lib/gcc/arm-none-eabi/13.3.0/../../../../arm-none-eabi/lib/thumb/v7e-m+fp/hard\libc.a(libc_a-strlen.o)

.ARM.exidx      0x08000a9c        0x8
 .ARM.exidx     0x08000a9c        0x8 C:/msys64/ucrt64/bin/../lib/gcc/arm-none-eabi/13.3.0/../../../../arm-none-eabi/lib/thumb/v7e-m+fp/hard\libc.a(libc_a-strlen.o)

.data           0x20000000        0x0 load address 0x08000aa4
                0x20000000                        . = ALIGN (0x4)
                0x20000000                        _sdata = .
 *(.data)
 .data          0x20000000        0x0 build/src/app/main.o
 .data          0x20000000        0x0 build/src/driver/ring_buffer.o
 .data          0x20000000        0x0 build/src/driver/uart_driver.o
 .data          0x20000000        0x0 build/src/hal/stm32f4_dma.o
 .data          0x20000000        0x0 build/src/hal/stm32f4_uart.o
 .data          0x20000000        0x0 build/src/system/startup.o
 .data          0x20000000        0x0 build/src/system/system_stm32.o
 .data          0x20000000        0x0 C:/msys64/ucrt64/bin/../lib/gcc/arm-none-eabi/13.3.0/../../../../arm-none-eabi/lib/thumb/v7e-m+fp/hard\libc.a(libc_a-strlen.o)
 *(.data*)
                0x20000000                        . = ALIGN (0x4)
                0x20000000                        _edata = .

.igot.plt       0x20000000        0x0 load address 0x08000aa4
 .igot.plt      0x20000000        0x0 build/src/app/main.o

.bss            0x20000000      0x118 load address 0x08000aa4
                0x20000000                        . = ALIGN (0x4)
                0x20000000                        _sbss = .
                0x20000000                        __bss_start__ = _sbss
 *(.bss)
 .bss           0x20000000        0x1 build/src/app/main.o
                0x20000000                CONFIG_MODE
 .bss           0x20000001        0x0 build/src/driver/ring_buffer.o
 *fill*         0x20000001        0x3 
 .bss           0x20000004      0x112 build/src/driver/uart_driver.o
 .bss           0x20000116        0x0 build/src/hal/stm32f4_dma.o
 .bss           0x20000116        0x0 build/src/hal/stm32f4_uart.o
 .bss           0x20000116        0x0 build/src/system/startup.o
 .bss           0x20000116        0x0 build/src/system/system_stm32.o
 .bss           0x20000116        0x0 C:/msys64/ucrt64/bin/../lib/gcc/arm-none-eabi/13.3.0/../../../../arm-none-eabi/lib/thumb/v7e-m+fp/hard\libc.a(libc_a-strlen.o)
 *(.bss*)
 *(COMMON)
                0x20000118                        . = ALIGN (0x4)
 *fill*         0x20000116        0x2 
                0x20000118                        _ebss = .
                0x20000118                        __bss_end__ = _ebss

._user_stack    0x20000118     0x1000 load address 0x08000aa4
                0x20000118                        . = ALIGN (0x8)
                0x20001118                        . = (. + 0x1000)
 *fill*         0x20000118     0x1000 
                0x20001118                        _estack = .

/DISCARD/
 libc.a(*)
 libm.a(*)
 libgcc.a(*)
OUTPUT(build/stm32f4_uart_driver.elf elf32-littlearm)
LOAD linker stubs
LOAD C:/msys64/ucrt64/bin/../lib/gcc/arm-none-eabi/13.3.0/../../../../arm-none-eabi/lib/thumb/v7e-m+fp/hard\libc.a
LOAD C:/msys64/ucrt64/bin/../lib/gcc/arm-none-eabi/13.3.0/../../../../arm-none-eabi/lib/thumb/v7e-m+fp/hard\libm.a
LOAD C:/msys64/ucrt64/bin/../lib/gcc/arm-none-eabi/13.3.0/thumb/v7e-m+fp/hard\libgcc.a

.debug_info     0x00000000      0xe90
 .debug_info    0x00000000      0x231 build/src/app/main.o
 .debug_info    0x00000231      0x218 build/src/driver/ring_buffer.o
 .debug_info    0x00000449      0x440 build/src/driver/uart_driver.o
 .debug_info    0x00000889      0x205 build/src/hal/stm32f4_dma.o
 .debug_info    0x00000a8e      0x1bc build/src/hal/stm32f4_uart.o
 .debug_info    0x00000c4a      0x140 build/src/system/startup.o
 .debug_info    0x00000d8a       0xd3 build/src/system/system_stm32.o
 .debug_info    0x00000e5d       0x33 C:/msys64/ucrt64/bin/../lib/gcc/arm-none-eabi/13.3.0/../../../../arm-none-eabi/lib/thumb/v7e-m+fp/hard\libc.a(libc_a-strlen.o)

.debug_abbrev   0x00000000      0x7a4
 .debug_abbrev  0x00000000      0x146 build/src/app/main.o
 .debug_abbrev  0x00000146      0x105 build/src/driver/ring_buffer.o
 .debug_abbrev  0x0000024b      0x1d9 build/src/driver/uart_driver.o
 .debug_abbrev  0x00000424       0xf3 build/src/hal/stm32f4_dma.o
 .debug_abbrev  0x00000517       0xea build/src/hal/stm32f4_uart.o
 .debug_abbrev  0x00000601       0xeb build/src/system/startup.o
 .debug_abbrev  0x000006ec       0x90 build/src/system/system_stm32.o
 .debug_abbrev  0x0000077c       0x28 C:/msys64/ucrt64/bin/../lib/gcc/arm-none-eabi/13.3.0/../../../../arm-none-eabi/lib/thumb/v7e-m+fp/hard\libc.a(libc_a-strlen.o)

.debug_aranges  0x00000000      0x100
 .debug_aranges
                0x00000000       0x20 build/src/app/main.o
 .debug_aranges
                0x00000020       0x20 build/src/driver/ring_buffer.o
 .debug_aranges
                0x00000040       0x20 build/src/driver/uart_driver.o
 .debug_aranges
                0x00000060       0x20 build/src/hal/stm32f4_dma.o
 .debug_aranges
                0x00000080       0x20 build/src/hal/stm32f4_uart.o
 .debug_aranges
                0x000000a0       0x20 build/src/system/startup.o
 .debug_aranges
                0x000000c0       0x20 build/src/system/system_stm32.o
 .debug_aranges
                0x000000e0       0x20 C:/msys64/ucrt64/bin/../lib/gcc/arm-none-eabi/13.3.0/../../../../arm-none-eabi/lib/thumb/v7e-m+fp/hard\libc.a(libc_a-strlen.o)

.debug_line     0x00000000      0xac4
 .debug_line    0x00000000      0x1a2 build/src/app/main.o
 .debug_line    0x000001a2      0x15c build/src/driver/ring_buffer.o
 .debug_line    0x000002fe      0x265 build/src/driver/uart_driver.o
 .debug_line    0x00000563      0x194 build/src/hal/stm32f4_dma.o
 .debug_line    0x000006f7      0x158 build/src/hal/stm32f4_uart.o
 .debug_line    0x0000084f       0xf2 build/src/system/startup.o
 .debug_line    0x00000941       0xfd build/src/system/system_stm32.o
 .debug_line    0x00000a3e       0x86 C:/msys64/ucrt64/bin/../lib/gcc/arm-none-eabi/13.3.0/../../../../arm-none-eabi/lib/thumb/v7e-m+fp/hard\libc.a(libc_a-strlen.o)

.debug_str      0x00000000      0x5e1
 .debug_str     0x00000000      0x5e1 build/src/app/main.o
                                0x26c (size before relaxing)
 .debug_str     0x000005e1        0x0 build/src/driver/ring_buffer.o
                                0x212 (size before relaxing)
 .debug_str     0x000005e1        0x0 build/src/driver/uart_driver.o
                                0x3b9 (size before relaxing)
 .debug_str     0x000005e1        0x0 build/src/hal/stm32f4_dma.o
                                0x225 (size before relaxing)
 .debug_str     0x000005e1        0x0 build/src/hal/stm32f4_uart.o
                                0x204 (size before relaxing)
 .debug_str     0x000005e1        0x0 build/src/system/startup.o
                                0x1df (size before relaxing)
 .debug_str     0x000005e1        0x0 build/src/system/system_stm32.o
                                0x197 (size before relaxing)
 .debug_str     0x000005e1        0x0 C:/msys64/ucrt64/bin/../lib/gcc/arm-none-eabi/13.3.0/../../../../arm-none-eabi/lib/thumb/v7e-m+fp/hard\libc.a(libc_a-strlen.o)
                                 0x9c (size before relaxing)

.comment        0x00000000       0x12
 .comment       0x00000000       0x12 build/src/app/main.o
                                 0x13 (size before relaxing)
 .comment       0x00000012        0x0 build/src/driver/ring_buffer.o
                                 0x13 (size before relaxing)
 .comment       0x00000012        0x0 build/src/driver/uart_driver.o
                                 0x13 (size before relaxing)
 .comment       0x00000012        0x0 build/src/hal/stm32f4_dma.o
                                 0x13 (size before relaxing)
 .comment       0x00000012        0x0 build/src/hal/stm32f4_uart.o
                                 0x13 (size before relaxing)
 .comment       0x00000012        0x0 build/src/system/startup.o
                                 0x13 (size before relaxing)
 .comment       0x00000012        0x0 build/src/system/system_stm32.o
                                 0x13 (size before relaxing)

.ARM.attributes
                0x00000000       0x32
 .ARM.attributes
                0x00000000       0x34 build/src/app/main.o
 .ARM.attributes
                0x00000034       0x34 build/src/driver/ring_buffer.o
 .ARM.attributes
                0x00000068       0x34 build/src/driver/uart_driver.o
 .ARM.attributes
                0x0000009c       0x34 build/src/hal/stm32f4_dma.o
 .ARM.attributes
                0x000000d0       0x34 build/src/hal/stm32f4_uart.o
 .ARM.attributes
                0x00000104       0x34 build/src/system/startup.o
 .ARM.attributes
                0x00000138       0x34 build/src/system/system_stm32.o
 .ARM.attributes
                0x0000016c       0x1c C:/msys64/ucrt64/bin/../lib/gcc/arm-none-eabi/13.3.0/../../../../arm-none-eabi/lib/thumb/v7e-m+fp/hard\libc.a(libc_a-strlen.o)

.debug_frame    0x00000000      0x4a8
 .debug_frame   0x00000000       0x5c build/src/app/main.o
 .debug_frame   0x0000005c      0x100 build/src/driver/ring_buffer.o
 .debug_frame   0x0000015c       0xcc build/src/driver/uart_driver.o
 .debug_frame   0x00000228       0xc8 build/src/hal/stm32f4_dma.o
 .debug_frame   0x000002f0       0xe8 build/src/hal/stm32f4_uart.o
 .debug_frame   0x000003d8       0x48 build/src/system/startup.o
 .debug_frame   0x00000420       0x58 build/src/system/system_stm32.o
 .debug_frame   0x00000478       0x30 C:/msys64/ucrt64/bin/../lib/gcc/arm-none-eabi/13.3.0/../../../../arm-none-eabi/lib/thumb/v7e-m+fp/hard\libc.a(libc_a-strlen.o)

.debug_line_str
                0x00000000       0x89
 .debug_line_str
                0x00000000       0x89 C:/msys64/ucrt64/bin/../lib/gcc/arm-none-eabi/13.3.0/../../../../arm-none-eabi/lib/thumb/v7e-m+fp/hard\libc.a(libc_a-strlen.o)
