
Discarded input sections

 .group         0x00000000        0xc build/main.o
 .group         0x00000000        0xc build/startup.o
 .group         0x00000000        0xc build/startup.o
 .group         0x00000000        0xc build/startup.o
 .group         0x00000000        0xc build/startup.o
 .group         0x00000000        0xc build/startup.o
 .group         0x00000000        0xc build/startup.o
 .group         0x00000000        0xc build/startup.o
 .debug_macro   0x00000000      0xaba build/startup.o

Memory Configuration

Name             Origin             Length             Attributes
FLASH            0x08000000         0x00100000         xr
RAM              0x20000000         0x00020000         xrw
*default*        0x00000000         0xffffffff

Linker script and memory map

LOAD build/main.o
LOAD build/startup.o
                0x20020000                        _estack = (ORIGIN (RAM) + LENGTH (RAM))

.isr_vector     0x08000000        0x8
                0x08000000                        . = ALIGN (0x4)
 *(.isr_vector)
 .isr_vector    0x08000000        0x8 build/startup.o
                0x08000000                vector_table
                0x08000008                        . = ALIGN (0x4)

.text           0x08000008       0x7c
                0x08000008                        . = ALIGN (0x4)
 *(.text*)
 .text          0x08000008       0x1e build/main.o
                0x08000008                main
 *fill*         0x08000026        0x2 
 .text          0x08000028       0x5c build/startup.o
                0x08000028                Reset_Handler
 *(.rodata*)
                0x08000084                        . = ALIGN (0x4)
                0x08000084                        _etext = .
                0x08000084                        _sidata = LOADADDR (.data)

.glue_7         0x08000084        0x0
 .glue_7        0x08000084        0x0 linker stubs

.glue_7t        0x08000084        0x0
 .glue_7t       0x08000084        0x0 linker stubs

.vfp11_veneer   0x08000084        0x0
 .vfp11_veneer  0x08000084        0x0 linker stubs

.v4_bx          0x08000084        0x0
 .v4_bx         0x08000084        0x0 linker stubs

.iplt           0x08000084        0x0
 .iplt          0x08000084        0x0 build/startup.o

.rel.dyn        0x08000084        0x0
 .rel.iplt      0x08000084        0x0 build/startup.o

.data           0x20000000        0x0 load address 0x08000084
                0x20000000                        . = ALIGN (0x4)
                0x20000000                        _sdata = .
 *(.data*)
 .data          0x20000000        0x0 build/main.o
 .data          0x20000000        0x0 build/startup.o
                0x20000000                        . = ALIGN (0x4)
                0x20000000                        _edata = .

.igot.plt       0x20000000        0x0 load address 0x08000084
 .igot.plt      0x20000000        0x0 build/startup.o

.bss            0x20000000        0x0 load address 0x08000084
                0x20000000                        . = ALIGN (0x4)
                0x20000000                        _sbss = .
 *(.bss*)
 .bss           0x20000000        0x0 build/main.o
 .bss           0x20000000        0x0 build/startup.o
                0x20000000                        . = ALIGN (0x4)
                0x20000000                        _ebss = .
OUTPUT(build/final.elf elf32-littlearm)
LOAD linker stubs

.debug_info     0x00000000      0x1a0
 .debug_info    0x00000000       0x61 build/main.o
 .debug_info    0x00000061      0x13f build/startup.o

.debug_abbrev   0x00000000      0x129
 .debug_abbrev  0x00000000       0x56 build/main.o
 .debug_abbrev  0x00000056       0xd3 build/startup.o

.debug_aranges  0x00000000       0x40
 .debug_aranges
                0x00000000       0x20 build/main.o
 .debug_aranges
                0x00000020       0x20 build/startup.o

.debug_macro    0x00000000      0xf7b
 .debug_macro   0x00000000       0x11 build/main.o
 .debug_macro   0x00000011      0xaba build/main.o
 .debug_macro   0x00000acb       0x63 build/startup.o
 .debug_macro   0x00000b2e       0x22 build/startup.o
 .debug_macro   0x00000b50       0x8e build/startup.o
 .debug_macro   0x00000bde       0x51 build/startup.o
 .debug_macro   0x00000c2f      0x103 build/startup.o
 .debug_macro   0x00000d32       0x6a build/startup.o
 .debug_macro   0x00000d9c      0x1df build/startup.o

.debug_line     0x00000000      0x1d3
 .debug_line    0x00000000       0x50 build/main.o
 .debug_line    0x00000050      0x183 build/startup.o

.debug_str      0x00000000     0x3bce
 .debug_str     0x00000000     0x3bce build/main.o
                               0x2db4 (size before relaxing)
 .debug_str     0x00003bce        0x0 build/startup.o
                               0x3d1f (size before relaxing)

.comment        0x00000000       0x12
 .comment       0x00000000       0x12 build/main.o
                                 0x13 (size before relaxing)
 .comment       0x00000012        0x0 build/startup.o
                                 0x13 (size before relaxing)

.ARM.attributes
                0x00000000       0x2e
 .ARM.attributes
                0x00000000       0x2e build/main.o
 .ARM.attributes
                0x0000002e       0x2e build/startup.o

.debug_frame    0x00000000       0x5c
 .debug_frame   0x00000000       0x2c build/main.o
 .debug_frame   0x0000002c       0x30 build/startup.o
