
There are no discarded input sections

Memory Configuration

Name             Origin             Length             Attributes
FLASH            0x08000000         0x00080000         xr
RAM              0x20000000         0x00018000         xrw
*default*        0x00000000         0xffffffff

Linker script and memory map

LOAD build/app/main.o
LOAD build/hw/src/systick.o
LOAD build/hw/src/startup.o
LOAD build/drivers/CMSIS/Device/Vendor/Source/system_stm32f4xx.o

.text           0x08000000      0x1d4
                0x08000000                        . = ALIGN (0x4)
 *(.isr_vector)
 .isr_vector    0x08000000       0x40 build/hw/src/startup.o
                0x08000000                vector_table
 *(.text)
 .text          0x08000040        0x0 build/app/main.o
 .text          0x08000040       0x78 build/hw/src/systick.o
                0x08000040                SysTick_Init
                0x08000074                SysTick_Handler
                0x08000084                SysTick_GetTick
                0x08000090                SysTick_DelayMs
                0x080000a4                SysTick_HasElapsed
 .text          0x080000b8       0x64 build/hw/src/startup.o
                0x080000b8                Default_Handler
                0x080000bc                Reset_Handler
 .text          0x0800011c       0x74 build/drivers/CMSIS/Device/Vendor/Source/system_stm32f4xx.o
                0x0800011c                SystemInit
                0x08000120                SystemCoreClockUpdate
 *(.text*)
 .text.startup  0x08000190       0x2c build/app/main.o
                0x08000190                main
 *(.rodata)
 .rodata        0x080001bc       0x18 build/drivers/CMSIS/Device/Vendor/Source/system_stm32f4xx.o
                0x080001bc                AHBPrescTable
                0x080001cc                APBPrescTable
 *(.rodata*)
                0x080001d4                        . = ALIGN (0x4)
                0x080001d4                        _etext = .
                0x080001d4                        _sidata = LOADADDR (.data)

.glue_7         0x080001d4        0x0
 .glue_7        0x080001d4        0x0 linker stubs

.glue_7t        0x080001d4        0x0
 .glue_7t       0x080001d4        0x0 linker stubs

.vfp11_veneer   0x080001d4        0x0
 .vfp11_veneer  0x080001d4        0x0 linker stubs

.v4_bx          0x080001d4        0x0
 .v4_bx         0x080001d4        0x0 linker stubs

.iplt           0x080001d4        0x0
 .iplt          0x080001d4        0x0 build/app/main.o

.rel.dyn        0x080001d4        0x0
 .rel.iplt      0x080001d4        0x0 build/app/main.o

.data           0x20000000        0x4 load address 0x080001d4
                0x20000000                        . = ALIGN (0x4)
                0x20000000                        _sdata = .
 *(.data)
 .data          0x20000000        0x0 build/app/main.o
 .data          0x20000000        0x0 build/hw/src/systick.o
 .data          0x20000000        0x0 build/hw/src/startup.o
 .data          0x20000000        0x4 build/drivers/CMSIS/Device/Vendor/Source/system_stm32f4xx.o
                0x20000000                SystemCoreClock
 *(.data*)
                0x20000004                        . = ALIGN (0x4)
                0x20000004                        _edata = .

.igot.plt       0x20000004        0x0 load address 0x080001d8
 .igot.plt      0x20000004        0x0 build/app/main.o

.bss            0x20000004        0x4 load address 0x080001d8
                0x20000004                        . = ALIGN (0x4)
                0x20000004                        _sbss = .
                0x20000004                        __bss_start__ = _sbss
 *(.bss)
 .bss           0x20000004        0x0 build/app/main.o
 .bss           0x20000004        0x4 build/hw/src/systick.o
 .bss           0x20000008        0x0 build/hw/src/startup.o
 .bss           0x20000008        0x0 build/drivers/CMSIS/Device/Vendor/Source/system_stm32f4xx.o
 *(.bss*)
 *(COMMON)
                0x20000008                        . = ALIGN (0x4)
                0x20000008                        _ebss = .
                0x20000008                        __bss_end__ = _ebss
                0x20018000                        _estack = (ORIGIN (RAM) + LENGTH (RAM))
OUTPUT(build/firmware.elf elf32-littlearm)
LOAD linker stubs

.debug_info     0x00000000      0xcb4
 .debug_info    0x00000000      0x151 build/app/main.o
 .debug_info    0x00000151      0x6aa build/hw/src/systick.o
 .debug_info    0x000007fb      0x164 build/hw/src/startup.o
 .debug_info    0x0000095f      0x355 build/drivers/CMSIS/Device/Vendor/Source/system_stm32f4xx.o

.debug_abbrev   0x00000000      0x53d
 .debug_abbrev  0x00000000       0xeb build/app/main.o
 .debug_abbrev  0x000000eb      0x235 build/hw/src/systick.o
 .debug_abbrev  0x00000320       0xfd build/hw/src/startup.o
 .debug_abbrev  0x0000041d      0x120 build/drivers/CMSIS/Device/Vendor/Source/system_stm32f4xx.o

.debug_loclists
                0x00000000      0x149
 .debug_loclists
                0x00000000       0x17 build/app/main.o
 .debug_loclists
                0x00000017       0x8c build/hw/src/systick.o
 .debug_loclists
                0x000000a3       0x3c build/hw/src/startup.o
 .debug_loclists
                0x000000df       0x6a build/drivers/CMSIS/Device/Vendor/Source/system_stm32f4xx.o

.debug_aranges  0x00000000       0x80
 .debug_aranges
                0x00000000       0x20 build/app/main.o
 .debug_aranges
                0x00000020       0x20 build/hw/src/systick.o
 .debug_aranges
                0x00000040       0x20 build/hw/src/startup.o
 .debug_aranges
                0x00000060       0x20 build/drivers/CMSIS/Device/Vendor/Source/system_stm32f4xx.o

.debug_rnglists
                0x00000000       0x30
 .debug_rnglists
                0x00000000       0x13 build/app/main.o
 .debug_rnglists
                0x00000013       0x1d build/hw/src/systick.o

.debug_line     0x00000000      0x5f3
 .debug_line    0x00000000      0x127 build/app/main.o
 .debug_line    0x00000127      0x20d build/hw/src/systick.o
 .debug_line    0x00000334      0x104 build/hw/src/startup.o
 .debug_line    0x00000438      0x1bb build/drivers/CMSIS/Device/Vendor/Source/system_stm32f4xx.o

.debug_str      0x00000000      0x84a
 .debug_str     0x00000000      0x84a build/app/main.o
                                0x1c1 (size before relaxing)
 .debug_str     0x0000084a        0x0 build/hw/src/systick.o
                                0x6ab (size before relaxing)
 .debug_str     0x0000084a        0x0 build/hw/src/startup.o
                                0x1ba (size before relaxing)
 .debug_str     0x0000084a        0x0 build/drivers/CMSIS/Device/Vendor/Source/system_stm32f4xx.o
                                0x302 (size before relaxing)

.comment        0x00000000       0x12
 .comment       0x00000000       0x12 build/app/main.o
                                 0x13 (size before relaxing)
 .comment       0x00000012        0x0 build/hw/src/systick.o
                                 0x13 (size before relaxing)
 .comment       0x00000012        0x0 build/hw/src/startup.o
                                 0x13 (size before relaxing)
 .comment       0x00000012        0x0 build/drivers/CMSIS/Device/Vendor/Source/system_stm32f4xx.o
                                 0x13 (size before relaxing)

.ARM.attributes
                0x00000000       0x2e
 .ARM.attributes
                0x00000000       0x2e build/app/main.o
 .ARM.attributes
                0x0000002e       0x2e build/hw/src/systick.o
 .ARM.attributes
                0x0000005c       0x2e build/hw/src/startup.o
 .ARM.attributes
                0x0000008a       0x2e build/drivers/CMSIS/Device/Vendor/Source/system_stm32f4xx.o

.debug_frame    0x00000000       0xf0
 .debug_frame   0x00000000       0x28 build/app/main.o
 .debug_frame   0x00000028       0x60 build/hw/src/systick.o
 .debug_frame   0x00000088       0x38 build/hw/src/startup.o
 .debug_frame   0x000000c0       0x30 build/drivers/CMSIS/Device/Vendor/Source/system_stm32f4xx.o
