
Discarded input sections

 .group         0x00000000        0xc build/main.o
 .group         0x00000000        0xc build/main.o
 .group         0x00000000        0xc build/main.o
 .group         0x00000000        0xc build/main.o
 .group         0x00000000        0xc build/main.o
 .group         0x00000000        0xc build/main.o
 .group         0x00000000        0xc build/main.o
 .group         0x00000000        0xc build/startup.o
 .group         0x00000000        0xc build/startup.o
 .group         0x00000000        0xc build/startup.o
 .group         0x00000000        0xc build/startup.o
 .group         0x00000000        0xc build/startup.o
 .group         0x00000000        0xc build/startup.o
 .group         0x00000000        0xc build/startup.o
 .debug_macro   0x00000000      0xaba build/startup.o
 .debug_macro   0x00000000       0x22 build/startup.o
 .debug_macro   0x00000000       0x8e build/startup.o
 .debug_macro   0x00000000       0x51 build/startup.o
 .debug_macro   0x00000000      0x103 build/startup.o
 .debug_macro   0x00000000       0x6a build/startup.o
 .debug_macro   0x00000000      0x1df build/startup.o

Memory Configuration

Name             Origin             Length             Attributes
FLASH            0x08000000         0x00100000         xr
RAM              0x20000000         0x00020000         xrw
*default*        0x00000000         0xffffffff

Linker script and memory map

LOAD build/main.o
LOAD build/startup.o
                0x20020000                        _estack = (ORIGIN (RAM) + LENGTH (RAM))

.isr_vector     0x08000000        0x8
                0x08000000                        . = ALIGN (0x4)
 *(.isr_vector)
 .isr_vector    0x08000000        0x8 build/startup.o
                0x08000000                vectors
                0x08000008                        . = ALIGN (0x4)

.text           0x08000008       0xc8
                0x08000008                        . = ALIGN (0x4)
 *(.text*)
 .text          0x08000008       0x6c build/main.o
                0x08000008                main
 .text          0x08000074       0x5c build/startup.o
                0x08000074                Reset_Handler
 *(.rodata*)
                0x080000d0                        . = ALIGN (0x4)
                0x080000d0                        _etext = .
                0x080000d0                        _sidata = LOADADDR (.data)

.glue_7         0x080000d0        0x0
 .glue_7        0x080000d0        0x0 linker stubs

.glue_7t        0x080000d0        0x0
 .glue_7t       0x080000d0        0x0 linker stubs

.vfp11_veneer   0x080000d0        0x0
 .vfp11_veneer  0x080000d0        0x0 linker stubs

.v4_bx          0x080000d0        0x0
 .v4_bx         0x080000d0        0x0 linker stubs

.iplt           0x080000d0        0x0
 .iplt          0x080000d0        0x0 build/startup.o

.rel.dyn        0x080000d0        0x0
 .rel.iplt      0x080000d0        0x0 build/startup.o

.data           0x20000000        0x0 load address 0x080000d0
                0x20000000                        . = ALIGN (0x4)
                0x20000000                        _sdata = .
 *(.data*)
 .data          0x20000000        0x0 build/main.o
 .data          0x20000000        0x0 build/startup.o
                0x20000000                        . = ALIGN (0x4)
                0x20000000                        _edata = .

.igot.plt       0x20000000        0x0 load address 0x080000d0
 .igot.plt      0x20000000        0x0 build/startup.o

.bss            0x20000000        0x0 load address 0x080000d0
                0x20000000                        . = ALIGN (0x4)
                0x20000000                        _sbss = .
 *(.bss*)
 .bss           0x20000000        0x0 build/main.o
 .bss           0x20000000        0x0 build/startup.o
                0x20000000                        . = ALIGN (0x4)
                0x20000000                        _ebss = .
OUTPUT(build/final.elf elf32-littlearm)
LOAD linker stubs

.debug_info     0x00000000      0x1e6
 .debug_info    0x00000000       0xbc build/main.o
 .debug_info    0x000000bc      0x12a build/startup.o

.debug_abbrev   0x00000000      0x138
 .debug_abbrev  0x00000000       0x77 build/main.o
 .debug_abbrev  0x00000077       0xc1 build/startup.o

.debug_aranges  0x00000000       0x40
 .debug_aranges
                0x00000000       0x20 build/main.o
 .debug_aranges
                0x00000020       0x20 build/startup.o

.debug_macro    0x00000000      0xffd
 .debug_macro   0x00000000       0x93 build/main.o
 .debug_macro   0x00000093      0xaba build/main.o
 .debug_macro   0x00000b4d       0x22 build/main.o
 .debug_macro   0x00000b6f       0x8e build/main.o
 .debug_macro   0x00000bfd       0x51 build/main.o
 .debug_macro   0x00000c4e      0x103 build/main.o
 .debug_macro   0x00000d51       0x6a build/main.o
 .debug_macro   0x00000dbb      0x1df build/main.o
 .debug_macro   0x00000f9a       0x63 build/startup.o

.debug_line     0x00000000      0x316
 .debug_line    0x00000000      0x191 build/main.o
 .debug_line    0x00000191      0x185 build/startup.o

.debug_str      0x00000000     0x3cee
 .debug_str     0x00000000     0x3cee build/main.o
                               0x3e05 (size before relaxing)
 .debug_str     0x00003cee        0x0 build/startup.o
                               0x3d16 (size before relaxing)

.comment        0x00000000       0x12
 .comment       0x00000000       0x12 build/main.o
                                 0x13 (size before relaxing)
 .comment       0x00000012        0x0 build/startup.o
                                 0x13 (size before relaxing)

.ARM.attributes
                0x00000000       0x2e
 .ARM.attributes
                0x00000000       0x2e build/main.o
 .ARM.attributes
                0x0000002e       0x2e build/startup.o

.debug_frame    0x00000000       0x5c
 .debug_frame   0x00000000       0x2c build/main.o
 .debug_frame   0x0000002c       0x30 build/startup.o
